../Core/Src/main.c:79:6:delay_us	16	static
../Core/Src/main.c:88:10:receive_data_ir	24	static
../Core/Src/main.c:110:5:convert_data_ir	16	static
../Core/Src/main.c:138:6:spegni_luce	8	static
../Core/Src/main.c:142:6:accendi_luce	8	static
../Core/Src/main.c:146:6:toggle_luce	8	static
../Core/Src/main.c:150:6:gestisci_tasto	16	static
../Core/Src/main.c:188:6:HAL_GPIO_EXTI_Callback	24	static
../Core/Src/main.c:201:9:recive_data_bt	8	static
../Core/Src/main.c:206:5:convert_data_bt	16	static
../Core/Src/main.c:234:6:HAL_UART_RxCpltCallback	24	static
../Core/Src/main.c:243:6:HAL_TIM_PeriodElapsedCallback	24	static
../Core/Src/main.c:273:5:main	8	static
../Core/Src/main.c:332:6:SystemClock_Config	128	static
../Core/Src/main.c:384:13:MX_ADC1_Init	48	static
../Core/Src/main.c:450:13:MX_I2C1_Init	8	static
../Core/Src/main.c:498:13:MX_SPI1_Init	8	static
../Core/Src/main.c:538:13:MX_TIM2_Init	40	static
../Core/Src/main.c:583:13:MX_TIM3_Init	40	static
../Core/Src/main.c:628:13:MX_TIM4_Init	40	static
../Core/Src/main.c:673:13:MX_UART4_Init	8	static
../Core/Src/main.c:708:13:MX_USB_PCD_Init	8	static
../Core/Src/main.c:739:13:MX_GPIO_Init	48	static
../Core/Src/main.c:804:6:Error_Handler	4	static,ignoring_inline_asm
