../Core/Src/main.c:74:6:delay_us	16	static
../Core/Src/main.c:83:10:receive_data	24	static
../Core/Src/main.c:106:5:convert_data_ir	16	static
../Core/Src/main.c:134:6:spegni_luce	8	static
../Core/Src/main.c:138:6:accendi_luce	8	static
../Core/Src/main.c:142:6:toggle_luce	8	static
../Core/Src/main.c:146:6:gestisci_tasto	16	static
../Core/Src/main.c:183:6:HAL_GPIO_EXTI_Callback	24	static
../Core/Src/main.c:196:6:HAL_TIM_PeriodElapsedCallback	24	static
../Core/Src/main.c:221:6:ChangeMode	16	static
../Core/Src/main.c:235:5:main	8	static
../Core/Src/main.c:292:6:SystemClock_Config	128	static
../Core/Src/main.c:343:13:MX_ADC1_Init	48	static
../Core/Src/main.c:409:13:MX_I2C1_Init	8	static
../Core/Src/main.c:457:13:MX_SPI1_Init	8	static
../Core/Src/main.c:497:13:MX_TIM2_Init	40	static
../Core/Src/main.c:542:13:MX_TIM3_Init	40	static
../Core/Src/main.c:587:13:MX_TIM4_Init	40	static
../Core/Src/main.c:632:13:MX_USB_PCD_Init	8	static
../Core/Src/main.c:663:13:MX_GPIO_Init	48	static
../Core/Src/main.c:728:6:Error_Handler	4	static,ignoring_inline_asm
