../Core/Src/main.c:74:6:delay_us	16	static
../Core/Src/main.c:80:10:receive_data	16	static
../Core/Src/main.c:127:6:HAL_GPIO_EXTI_Callback	16	static
../Core/Src/main.c:139:6:ChangeMode	16	static
../Core/Src/main.c:153:5:main	8	static
../Core/Src/main.c:203:6:SystemClock_Config	128	static
../Core/Src/main.c:252:13:MX_I2C1_Init	8	static
../Core/Src/main.c:300:13:MX_SPI1_Init	8	static
../Core/Src/main.c:340:13:MX_TIM2_Init	40	static
../Core/Src/main.c:385:13:MX_USB_PCD_Init	8	static
../Core/Src/main.c:416:13:MX_GPIO_Init	48	static
../Core/Src/main.c:487:6:Error_Handler	4	static,ignoring_inline_asm
