../Core/Src/main.c:79:6:delay_us	16	static
../Core/Src/main.c:89:6:spegni_luce	8	static
../Core/Src/main.c:93:6:accendi_luce	8	static
../Core/Src/main.c:97:6:toggle_luce	8	static
../Core/Src/main.c:101:6:gestisci_tasto	16	static
../Core/Src/main.c:149:10:receive_data_ir	24	static
../Core/Src/main.c:172:5:convert_data_ir	16	static
../Core/Src/main.c:201:6:HAL_GPIO_EXTI_Callback	24	static
../Core/Src/main.c:211:9:recive_data_bt	8	static
../Core/Src/main.c:216:5:convert_data_bt	16	static
../Core/Src/main.c:244:6:HAL_ADC_ConvCpltCallback	24	static
../Core/Src/main.c:255:6:HAL_UART_RxCpltCallback	24	static
../Core/Src/main.c:264:6:HAL_TIM_PeriodElapsedCallback	16	static
../Core/Src/main.c:290:5:main	8	static
../Core/Src/main.c:351:6:SystemClock_Config	128	static
../Core/Src/main.c:403:13:MX_ADC1_Init	48	static
../Core/Src/main.c:469:13:MX_I2C1_Init	8	static
../Core/Src/main.c:517:13:MX_SPI1_Init	8	static
../Core/Src/main.c:557:13:MX_TIM2_Init	40	static
../Core/Src/main.c:602:13:MX_TIM3_Init	40	static
../Core/Src/main.c:647:13:MX_TIM4_Init	40	static
../Core/Src/main.c:692:13:MX_UART4_Init	8	static
../Core/Src/main.c:727:13:MX_USB_PCD_Init	8	static
../Core/Src/main.c:758:13:MX_GPIO_Init	48	static
../Core/Src/main.c:823:6:Error_Handler	4	static,ignoring_inline_asm
